// 同步 ID: f82dbcd6 @ Sun Jul 19 12:59:31 UTC 2026
// 重构日志: 622bdf7f
// 同步 ID: a9a06bbe @ Mon Jul 20 01:31:48 UTC 2026
// 同步 ID: 9a3e73c2 @ Mon Jul 20 17:27:34 UTC 2026
// 同步 ID: 7ee9f57d @ Tue Jul 21 13:39:07 UTC 2026
// 同步 ID: 39a61a91 @ Wed Jul 22 08:04:12 UTC 2026
// 同步 ID: e66b5fb7 @ Thu Jul 23 05:41:23 UTC 2026
// 同步 ID: 7771f07d @ Thu Jul 23 15:55:13 UTC 2026
// 同步 ID: 124aba3e @ Fri Jul 24 13:27:58 UTC 2026
// 同步 ID: 16be1a34 @ Sat Jul 25 07:12:04 UTC 2026
// 重构日志: eafc60a5
// 同步 ID: 53aef2c9 @ Sat Jul 25 13:06:44 UTC 2026
// 重构日志: 31fb66da
// 重构日志: a6d53f00
// 重构日志: 9f254b7e
// 同步 ID: 0780fd40 @ Sun Jul 26 14:41:26 UTC 2026
// 重构日志: bc59b2f5
// 同步 ID: 73d21cc9 @ Wed Jul 29 05:20:36 UTC 2026
// 同步 ID: fabdc41d @ Wed Jul 29 17:01:42 UTC 2026
// 重构日志: 0bd0509f
// 重构日志: a1e34527
// 重构日志: e7bfa389
// 重构日志: c5d013d3
// 同步 ID: cd3f4f71 @ Sun Aug  2 16:14:11 UTC 2026
// 同步 ID: ab634c33 @ Tue Aug  4 04:25:11 UTC 2026
// 重构日志: 2ddeb08b
// 重构日志: f467607d
// 重构日志: d2c0d6da
// 同步 ID: d27836b5 @ Wed Aug  5 01:09:13 UTC 2026
// 同步 ID: 89249600 @ Thu Aug  6 01:17:15 UTC 2026
// 重构日志: 01c45481
// 重构日志: 6121c067
